// Jest Snapshot v1, https://goo.gl/fbAQLP

exports[`Name should match snapshot 1`] = `
<div>
  <span>
    Name
  </span>
</div>
`;
