// Jest Snapshot v1, https://goo.gl/fbAQLP

exports[`List should match snapshot 1`] = `
<div>
  <div>
    <input
      class="input"
      data-testid="searchBar"
      name="searchBar"
      placeholder="Search..."
      type="text"
    />
    <div
      class="listContainer"
    >
      <div
        class="cardContainer"
        data-testid="cardContainer"
      >
        <div>
          Name 1
        </div>
        <div>
          address 1
        </div>
      </div>
      <div
        class="cardContainer"
        data-testid="cardContainer"
      >
        <div>
          Name 2
        </div>
        <div>
          address 2
        </div>
      </div>
      <div
        class="cardContainer"
        data-testid="cardContainer"
      >
        <div>
          Name 3
        </div>
        <div>
          address 3
        </div>
      </div>
    </div>
  </div>
</div>
`;
